Archive member included because of file (symbol)

D:\Homework\ASA_project\ASA_Lib.o(ASA_Lib_M128.o)
                              ASA_project.o (ASA_M128_set)
D:\Homework\ASA_project\ASA_Lib.o(ASA_Core_Lib.o)
                              D:\Homework\ASA_project\ASA_Lib.o(ASA_Lib_M128.o) (ASA_ID_set)
c:/winavr-20100110/bin/../lib/gcc/avr/4.3.3/avr51\libgcc.a(_exit.o)
                              c:/winavr-20100110/bin/../lib/gcc/avr/4.3.3/../../../../avr/lib/avr51/crtm128.o (exit)
c:/winavr-20100110/bin/../lib/gcc/avr/4.3.3/avr51\libgcc.a(_clear_bss.o)
                              D:\Homework\ASA_project\ASA_Lib.o(ASA_Lib_M128.o) (__do_clear_bss)
c:/winavr-20100110/bin/../lib/gcc/avr/4.3.3/../../../../avr/lib/avr51\libc.a(iob.o)
                              D:\Homework\ASA_project\ASA_Lib.o(ASA_Lib_M128.o) (__iob)
c:/winavr-20100110/bin/../lib/gcc/avr/4.3.3/../../../../avr/lib/avr51\libc.a(puts.o)
                              ASA_project.o (puts)

Allocating common symbols
Common symbol       size              file

ISR_Functioncounter
                    0x1               D:\Homework\ASA_project\ASA_Lib.o(ASA_Lib_M128.o)
__iob               0x6               c:/winavr-20100110/bin/../lib/gcc/avr/4.3.3/../../../../avr/lib/avr51\libc.a(iob.o)

Memory Configuration

Name             Origin             Length             Attributes
text             0x00000000         0x00020000         xr
data             0x00800060         0x0000ffa0         rw !x
eeprom           0x00810000         0x00010000         rw !x
fuse             0x00820000         0x00000400         rw !x
lock             0x00830000         0x00000400         rw !x
signature        0x00840000         0x00000400         rw !x
*default*        0x00000000         0xffffffff

Linker script and memory map

Address of section .data set to 0x800100
LOAD c:/winavr-20100110/bin/../lib/gcc/avr/4.3.3/../../../../avr/lib/avr51/crtm128.o
LOAD ASA_project.o
LOAD D:\Homework\ASA_project\ASA_Lib.o
LOAD c:/winavr-20100110/bin/../lib/gcc/avr/4.3.3/avr51\libgcc.a
LOAD c:/winavr-20100110/bin/../lib/gcc/avr/4.3.3/../../../../avr/lib/avr51\libc.a
LOAD c:/winavr-20100110/bin/../lib/gcc/avr/4.3.3/avr51\libgcc.a

.hash
 *(.hash)

.dynsym
 *(.dynsym)

.dynstr
 *(.dynstr)

.gnu.version
 *(.gnu.version)

.gnu.version_d
 *(.gnu.version_d)

.gnu.version_r
 *(.gnu.version_r)

.rel.init
 *(.rel.init)

.rela.init
 *(.rela.init)

.rel.text
 *(.rel.text)
 *(.rel.text.*)
 *(.rel.gnu.linkonce.t*)

.rela.text
 *(.rela.text)
 *(.rela.text.*)
 *(.rela.gnu.linkonce.t*)

.rel.fini
 *(.rel.fini)

.rela.fini
 *(.rela.fini)

.rel.rodata
 *(.rel.rodata)
 *(.rel.rodata.*)
 *(.rel.gnu.linkonce.r*)

.rela.rodata
 *(.rela.rodata)
 *(.rela.rodata.*)
 *(.rela.gnu.linkonce.r*)

.rel.data
 *(.rel.data)
 *(.rel.data.*)
 *(.rel.gnu.linkonce.d*)

.rela.data
 *(.rela.data)
 *(.rela.data.*)
 *(.rela.gnu.linkonce.d*)

.rel.ctors
 *(.rel.ctors)

.rela.ctors
 *(.rela.ctors)

.rel.dtors
 *(.rel.dtors)

.rela.dtors
 *(.rela.dtors)

.rel.got
 *(.rel.got)

.rela.got
 *(.rela.got)

.rel.bss
 *(.rel.bss)

.rela.bss
 *(.rela.bss)

.rel.plt
 *(.rel.plt)

.rela.plt
 *(.rela.plt)

.text           0x00000000      0x8cc
 *(.vectors)
 .vectors       0x00000000       0x8c c:/winavr-20100110/bin/../lib/gcc/avr/4.3.3/../../../../avr/lib/avr51/crtm128.o
                0x00000000                __vectors
                0x00000000                __vector_default
 *(.vectors)
 *(.progmem.gcc*)
 *(.progmem*)
                0x0000008c                . = ALIGN (0x2)
                0x0000008c                __trampolines_start = .
 *(.trampolines)
 .trampolines   0x0000008c        0x0 linker stubs
 *(.trampolines*)
                0x0000008c                __trampolines_end = .
 *(.jumptables)
 *(.jumptables*)
 *(.lowtext)
 *(.lowtext*)
                0x0000008c                __ctors_start = .
 *(.ctors)
                0x0000008c                __ctors_end = .
                0x0000008c                __dtors_start = .
 *(.dtors)
                0x0000008c                __dtors_end = .
 SORT(*)(.ctors)
 SORT(*)(.dtors)
 *(.init0)
 .init0         0x0000008c        0x0 c:/winavr-20100110/bin/../lib/gcc/avr/4.3.3/../../../../avr/lib/avr51/crtm128.o
                0x0000008c                __init
 *(.init0)
 *(.init1)
 *(.init1)
 *(.init2)
 .init2         0x0000008c        0xc c:/winavr-20100110/bin/../lib/gcc/avr/4.3.3/../../../../avr/lib/avr51/crtm128.o
 *(.init2)
 *(.init3)
 *(.init3)
 *(.init4)
 .init4         0x00000098       0x1a c:/winavr-20100110/bin/../lib/gcc/avr/4.3.3/../../../../avr/lib/avr51/crtm128.o
                0x00000098                __do_copy_data
 .init4         0x000000b2       0x10 c:/winavr-20100110/bin/../lib/gcc/avr/4.3.3/avr51\libgcc.a(_clear_bss.o)
                0x000000b2                __do_clear_bss
 *(.init4)
 *(.init5)
 *(.init5)
 *(.init6)
 *(.init6)
 *(.init7)
 *(.init7)
 *(.init8)
 *(.init8)
 *(.init9)
 .init9         0x000000c2        0x8 c:/winavr-20100110/bin/../lib/gcc/avr/4.3.3/../../../../avr/lib/avr51/crtm128.o
 *(.init9)
 *(.text)
 .text          0x000000ca        0x4 c:/winavr-20100110/bin/../lib/gcc/avr/4.3.3/../../../../avr/lib/avr51/crtm128.o
                0x000000ca                __vector_22
                0x000000ca                __vector_28
                0x000000ca                __vector_1
                0x000000ca                __vector_32
                0x000000ca                __vector_34
                0x000000ca                __vector_24
                0x000000ca                __vector_12
                0x000000ca                __bad_interrupt
                0x000000ca                __vector_6
                0x000000ca                __vector_31
                0x000000ca                __vector_3
                0x000000ca                __vector_23
                0x000000ca                __vector_30
                0x000000ca                __vector_25
                0x000000ca                __vector_11
                0x000000ca                __vector_13
                0x000000ca                __vector_17
                0x000000ca                __vector_19
                0x000000ca                __vector_7
                0x000000ca                __vector_27
                0x000000ca                __vector_5
                0x000000ca                __vector_33
                0x000000ca                __vector_4
                0x000000ca                __vector_9
                0x000000ca                __vector_2
                0x000000ca                __vector_21
                0x000000ca                __vector_29
                0x000000ca                __vector_8
                0x000000ca                __vector_26
                0x000000ca                __vector_14
                0x000000ca                __vector_10
                0x000000ca                __vector_16
                0x000000ca                __vector_18
                0x000000ca                __vector_20
 .text          0x000000ce        0xe ASA_project.o
                0x000000ce                main
 .text          0x000000dc      0x36a D:\Homework\ASA_project\ASA_Lib.o(ASA_Lib_M128.o)
                0x00000198                DIO_fgt
                0x00000278                TIMISR_reg
                0x000000dc                stdio_putchar
                0x000003ee                ASA_M128_set
                0x00000110                DIO_fpt
                0x00000260                TIM_set
                0x0000029e                __vector_15
                0x000000f8                stdio_getchar
                0x00000390                HMI_Transceiver_put
                0x00000310                HMI_Transceiver_get
 .text          0x00000446      0x418 D:\Homework\ASA_project\ASA_Lib.o(ASA_Core_Lib.o)
                0x000004d2                ASA_getchar
                0x000005ce                TWI_TransmitData
                0x00000528                TWI_Start
                0x00000486                UART1_getchar
                0x00000666                TWI_rd
                0x00000636                TWI_wr
                0x00000494                SPI_Transfer
                0x0000057c                TWI_SendSLAW
                0x00000518                PC_getchar
                0x00000452                ASA_ID_set
                0x00000520                TWI_ERROR
                0x000005a6                TWI_SendSLAR
                0x0000046e                UART1_putchar
                0x0000054e                TWI_Stop
                0x00000556                TWI_ReStart
                0x000006a6                TWI_Write
                0x0000074c                TWI_Read
                0x000006a0                TWI_initialize
                0x000004a8                ASA_putchar
                0x00000510                PC_putchar
                0x00000446                ASA_ID_check
                0x00000616                TWI_SendNoAck
                0x0000049e                SPI_Receive
                0x000005f2                TWI_ReceiveData
 .text          0x0000085e        0x0 c:/winavr-20100110/bin/../lib/gcc/avr/4.3.3/avr51\libgcc.a(_exit.o)
 .text          0x0000085e        0x0 c:/winavr-20100110/bin/../lib/gcc/avr/4.3.3/avr51\libgcc.a(_clear_bss.o)
 .text          0x0000085e        0x0 c:/winavr-20100110/bin/../lib/gcc/avr/4.3.3/../../../../avr/lib/avr51\libc.a(iob.o)
 .text          0x0000085e        0x0 c:/winavr-20100110/bin/../lib/gcc/avr/4.3.3/../../../../avr/lib/avr51\libc.a(puts.o)
                0x0000085e                . = ALIGN (0x2)
 *(.text.*)
 .text.libgcc   0x0000085e        0x0 c:/winavr-20100110/bin/../lib/gcc/avr/4.3.3/avr51\libgcc.a(_exit.o)
 .text.libgcc   0x0000085e        0x0 c:/winavr-20100110/bin/../lib/gcc/avr/4.3.3/avr51\libgcc.a(_clear_bss.o)
 .text.avr-libc
                0x0000085e       0x6a c:/winavr-20100110/bin/../lib/gcc/avr/4.3.3/../../../../avr/lib/avr51\libc.a(puts.o)
                0x0000085e                puts
                0x000008c8                . = ALIGN (0x2)
 *(.fini9)
 .fini9         0x000008c8        0x0 c:/winavr-20100110/bin/../lib/gcc/avr/4.3.3/avr51\libgcc.a(_exit.o)
                0x000008c8                exit
                0x000008c8                _exit
 *(.fini9)
 *(.fini8)
 *(.fini8)
 *(.fini7)
 *(.fini7)
 *(.fini6)
 *(.fini6)
 *(.fini5)
 *(.fini5)
 *(.fini4)
 *(.fini4)
 *(.fini3)
 *(.fini3)
 *(.fini2)
 *(.fini2)
 *(.fini1)
 *(.fini1)
 *(.fini0)
 .fini0         0x000008c8        0x4 c:/winavr-20100110/bin/../lib/gcc/avr/4.3.3/avr51\libgcc.a(_exit.o)
 *(.fini0)
                0x000008cc                _etext = .

.data           0x00800100       0x1a load address 0x000008cc
                0x00800100                PROVIDE (__data_start, .)
 *(.data)
 .data          0x00800100        0x0 c:/winavr-20100110/bin/../lib/gcc/avr/4.3.3/../../../../avr/lib/avr51/crtm128.o
 .data          0x00800100        0xc ASA_project.o
 .data          0x0080010c        0xe D:\Homework\ASA_project\ASA_Lib.o(ASA_Lib_M128.o)
 .data          0x0080011a        0x0 D:\Homework\ASA_project\ASA_Lib.o(ASA_Core_Lib.o)
 .data          0x0080011a        0x0 c:/winavr-20100110/bin/../lib/gcc/avr/4.3.3/avr51\libgcc.a(_exit.o)
 .data          0x0080011a        0x0 c:/winavr-20100110/bin/../lib/gcc/avr/4.3.3/avr51\libgcc.a(_clear_bss.o)
 .data          0x0080011a        0x0 c:/winavr-20100110/bin/../lib/gcc/avr/4.3.3/../../../../avr/lib/avr51\libc.a(iob.o)
 .data          0x0080011a        0x0 c:/winavr-20100110/bin/../lib/gcc/avr/4.3.3/../../../../avr/lib/avr51\libc.a(puts.o)
 *(.data*)
 *(.rodata)
 *(.rodata*)
 *(.gnu.linkonce.d*)
                0x0080011a                . = ALIGN (0x2)
                0x0080011a                _edata = .
                0x0080011a                PROVIDE (__data_end, .)

.bss            0x0080011a       0x1c
                0x0080011a                PROVIDE (__bss_start, .)
 *(.bss)
 .bss           0x0080011a        0x0 c:/winavr-20100110/bin/../lib/gcc/avr/4.3.3/../../../../avr/lib/avr51/crtm128.o
 .bss           0x0080011a        0x0 ASA_project.o
 .bss           0x0080011a       0x14 D:\Homework\ASA_project\ASA_Lib.o(ASA_Lib_M128.o)
                0x0080011a                ISR_Functionpointer
 .bss           0x0080012e        0x1 D:\Homework\ASA_project\ASA_Lib.o(ASA_Core_Lib.o)
 .bss           0x0080012f        0x0 c:/winavr-20100110/bin/../lib/gcc/avr/4.3.3/avr51\libgcc.a(_exit.o)
 .bss           0x0080012f        0x0 c:/winavr-20100110/bin/../lib/gcc/avr/4.3.3/avr51\libgcc.a(_clear_bss.o)
 .bss           0x0080012f        0x0 c:/winavr-20100110/bin/../lib/gcc/avr/4.3.3/../../../../avr/lib/avr51\libc.a(iob.o)
 .bss           0x0080012f        0x0 c:/winavr-20100110/bin/../lib/gcc/avr/4.3.3/../../../../avr/lib/avr51\libc.a(puts.o)
 *(.bss*)
 *(COMMON)
 COMMON         0x0080012f        0x1 D:\Homework\ASA_project\ASA_Lib.o(ASA_Lib_M128.o)
                0x0080012f                ISR_Functioncounter
 COMMON         0x00800130        0x6 c:/winavr-20100110/bin/../lib/gcc/avr/4.3.3/../../../../avr/lib/avr51\libc.a(iob.o)
                0x00800130                __iob
                0x00800136                PROVIDE (__bss_end, .)
                0x000008cc                __data_load_start = LOADADDR (.data)
                0x000008e6                __data_load_end = (__data_load_start + SIZEOF (.data))

.noinit         0x00800136        0x0
                0x00800136                PROVIDE (__noinit_start, .)
 *(.noinit*)
                0x00800136                PROVIDE (__noinit_end, .)
                0x00800136                _end = .
                0x00800136                PROVIDE (__heap_start, .)

.eeprom         0x00810000        0x0
 *(.eeprom*)
                0x00810000                __eeprom_end = .

.fuse
 *(.fuse)
 *(.lfuse)
 *(.hfuse)
 *(.efuse)

.lock
 *(.lock*)

.signature
 *(.signature*)

.stab
 *(.stab)

.stabstr
 *(.stabstr)

.stab.excl
 *(.stab.excl)

.stab.exclstr
 *(.stab.exclstr)

.stab.index
 *(.stab.index)

.stab.indexstr
 *(.stab.indexstr)

.comment
 *(.comment)

.debug
 *(.debug)

.line
 *(.line)

.debug_srcinfo
 *(.debug_srcinfo)

.debug_sfnames
 *(.debug_sfnames)

.debug_aranges  0x00000000       0x60
 *(.debug_aranges)
 .debug_aranges
                0x00000000       0x20 ASA_project.o
 .debug_aranges
                0x00000020       0x20 D:\Homework\ASA_project\ASA_Lib.o(ASA_Lib_M128.o)
 .debug_aranges
                0x00000040       0x20 D:\Homework\ASA_project\ASA_Lib.o(ASA_Core_Lib.o)

.debug_pubnames
                0x00000000      0x294
 *(.debug_pubnames)
 .debug_pubnames
                0x00000000       0x1b ASA_project.o
 .debug_pubnames
                0x0000001b       0xea D:\Homework\ASA_project\ASA_Lib.o(ASA_Lib_M128.o)
 .debug_pubnames
                0x00000105      0x18f D:\Homework\ASA_project\ASA_Lib.o(ASA_Core_Lib.o)

.debug_info     0x00000000      0xce9
 *(.debug_info)
 .debug_info    0x00000000       0x7d ASA_project.o
 .debug_info    0x0000007d      0x41a D:\Homework\ASA_project\ASA_Lib.o(ASA_Lib_M128.o)
 .debug_info    0x00000497      0x852 D:\Homework\ASA_project\ASA_Lib.o(ASA_Core_Lib.o)
 *(.gnu.linkonce.wi.*)

.debug_abbrev   0x00000000      0x40e
 *(.debug_abbrev)
 .debug_abbrev  0x00000000       0x41 ASA_project.o
 .debug_abbrev  0x00000041      0x199 D:\Homework\ASA_project\ASA_Lib.o(ASA_Lib_M128.o)
 .debug_abbrev  0x000001da      0x234 D:\Homework\ASA_project\ASA_Lib.o(ASA_Core_Lib.o)

.debug_line     0x00000000      0xaf2
 *(.debug_line)
 .debug_line    0x00000000       0x6a ASA_project.o
 .debug_line    0x0000006a      0x3e1 D:\Homework\ASA_project\ASA_Lib.o(ASA_Lib_M128.o)
 .debug_line    0x0000044b      0x6a7 D:\Homework\ASA_project\ASA_Lib.o(ASA_Core_Lib.o)

.debug_frame    0x00000000      0x260
 *(.debug_frame)
 .debug_frame   0x00000000       0x20 ASA_project.o
 .debug_frame   0x00000020       0xb0 D:\Homework\ASA_project\ASA_Lib.o(ASA_Lib_M128.o)
 .debug_frame   0x000000d0      0x190 D:\Homework\ASA_project\ASA_Lib.o(ASA_Core_Lib.o)

.debug_str      0x00000000      0x3b5
 *(.debug_str)
 .debug_str     0x00000000       0x75 ASA_project.o
                                 0xae (size before relaxing)
 .debug_str     0x00000075      0x164 D:\Homework\ASA_project\ASA_Lib.o(ASA_Lib_M128.o)
                                0x1f0 (size before relaxing)
 .debug_str     0x000001d9      0x1dc D:\Homework\ASA_project\ASA_Lib.o(ASA_Core_Lib.o)
                                0x285 (size before relaxing)

.debug_loc      0x00000000      0x779
 *(.debug_loc)
 .debug_loc     0x00000000      0x303 D:\Homework\ASA_project\ASA_Lib.o(ASA_Lib_M128.o)
 .debug_loc     0x00000303      0x476 D:\Homework\ASA_project\ASA_Lib.o(ASA_Core_Lib.o)

.debug_macinfo
 *(.debug_macinfo)
OUTPUT(ASA_project.elf elf32-avr)
LOAD linker stubs

.debug_ranges   0x00000000       0x18
 .debug_ranges  0x00000000       0x18 D:\Homework\ASA_project\ASA_Lib.o(ASA_Core_Lib.o)
